---
source: crates/llmctx/tests/preview_snapshot.rs
expression: rendered
---
```
fn main() {
    println!("hello");
}
```
